Starting a Gradle Daemon, 3 busy Daemons could not be reused, use --status for details

> Configure project :app
WARNING: The option setting 'android.disallowKotlinSourceSets=false' is experimental.
The current default is 'true'.
